npx : stderr | src/__tests__/stores/user.test.js > useUserStore > fetchUserInf
o action > should call logout when fetch fails and no existing userInfo
所在位置 行:1 字符: 5
+ & { npx vitest run --reporter verbose 2> test-output.txt; Get-Content ...
+     ~~~~~~~~~~~~~~~~~~~~~~~~~~~~~~~~~~~~~~~~~~~~~~~~~~~~
    + CategoryInfo          : NotSpecified: (stderr | src/__...isting userInf 
   o:String) [], RemoteException
    + FullyQualifiedErrorId : NativeCommandError
 
鑾峰彇鐢ㄦ埛淇℃伅澶辫触: Error: Auth error
    at C:/Users/12856/Desktop/璁烘枃瀹炵幇/library-system-v2/frontend/src/__tests__/
stores/user.test.js:188:37
    at file:///C:/Users/12856/Desktop/%E8%AE%BA%E6%96%87%E5%AE%9E%E7%8E%B0/lib
rary-system-v2/frontend/node_modules/@vitest/runner/dist/chunk-artifact.js:302
:11
    at file:///C:/Users/12856/Desktop/%E8%AE%BA%E6%96%87%E5%AE%9E%E7%8E%B0/lib
rary-system-v2/frontend/node_modules/@vitest/runner/dist/chunk-artifact.js:190
3:26
    at file:///C:/Users/12856/Desktop/%E8%AE%BA%E6%96%87%E5%AE%9E%E7%8E%B0/lib
rary-system-v2/frontend/node_modules/@vitest/runner/dist/chunk-artifact.js:232
6:20
    at new Promise (<anonymous>)
    at runWithCancel (file:///C:/Users/12856/Desktop/%E8%AE%BA%E6%96%87%E5%AE%
9E%E7%8E%B0/library-system-v2/frontend/node_modules/@vitest/runner/dist/chunk-
artifact.js:2323:10)
    at file:///C:/Users/12856/Desktop/%E8%AE%BA%E6%96%87%E5%AE%9E%E7%8E%B0/lib
rary-system-v2/frontend/node_modules/@vitest/runner/dist/chunk-artifact.js:230
5:20
    at new Promise (<anonymous>)
    at runWithTimeout (file:///C:/Users/12856/Desktop/%E8%AE%BA%E6%96%87%E5%AE
%9E%E7%8E%B0/library-system-v2/frontend/node_modules/@vitest/runner/dist/chunk
-artifact.js:2272:10)
    at file:///C:/Users/12856/Desktop/%E8%AE%BA%E6%96%87%E5%AE%9E%E7%8E%B0/lib
rary-system-v2/frontend/node_modules/@vitest/runner/dist/chunk-artifact.js:295
5:64

stderr | src/__tests__/stores/user.test.js > useUserStore > fetchUserInfo acti
on > should not call logout when fetch fails but userInfo exists
鑾峰彇鐢ㄦ埛淇℃伅澶辫触: Error: Network error
    at C:/Users/12856/Desktop/璁烘枃瀹炵幇/library-system-v2/frontend/src/__tests__/
stores/user.test.js:199:37
    at file:///C:/Users/12856/Desktop/%E8%AE%BA%E6%96%87%E5%AE%9E%E7%8E%B0/lib
rary-system-v2/frontend/node_modules/@vitest/runner/dist/chunk-artifact.js:302
:11
    at file:///C:/Users/12856/Desktop/%E8%AE%BA%E6%96%87%E5%AE%9E%E7%8E%B0/lib
rary-system-v2/frontend/node_modules/@vitest/runner/dist/chunk-artifact.js:190
3:26
    at file:///C:/Users/12856/Desktop/%E8%AE%BA%E6%96%87%E5%AE%9E%E7%8E%B0/lib
rary-system-v2/frontend/node_modules/@vitest/runner/dist/chunk-artifact.js:232
6:20
    at new Promise (<anonymous>)
    at runWithCancel (file:///C:/Users/12856/Desktop/%E8%AE%BA%E6%96%87%E5%AE%
9E%E7%8E%B0/library-system-v2/frontend/node_modules/@vitest/runner/dist/chunk-
artifact.js:2323:10)
    at file:///C:/Users/12856/Desktop/%E8%AE%BA%E6%96%87%E5%AE%9E%E7%8E%B0/lib
rary-system-v2/frontend/node_modules/@vitest/runner/dist/chunk-artifact.js:230
5:20
    at new Promise (<anonymous>)
    at runWithTimeout (file:///C:/Users/12856/Desktop/%E8%AE%BA%E6%96%87%E5%AE
%9E%E7%8E%B0/library-system-v2/frontend/node_modules/@vitest/runner/dist/chunk
-artifact.js:2272:10)
    at file:///C:/Users/12856/Desktop/%E8%AE%BA%E6%96%87%E5%AE%9E%E7%8E%B0/lib
rary-system-v2/frontend/node_modules/@vitest/runner/dist/chunk-artifact.js:295
5:64

stderr | src/__tests__/stores/user.test.js > useUserStore > locking mechanism 
> fetchingUserInfo should prevent concurrent fetches
鑾峰彇鐢ㄦ埛淇℃伅澶辫触: TypeError: Cannot read properties of undefined (reading 'data')
    at Proxy.fetchUserInfo (C:/Users/12856/Desktop/璁烘枃瀹炵幇/library-system-v2/fr
ontend/src/stores/user.js:33:28)
    at async Promise.all (index 0)
    at C:/Users/12856/Desktop/璁烘枃瀹炵幇/library-system-v2/frontend/src/__tests__/
stores/user.test.js:218:7
    at file:///C:/Users/12856/Desktop/%E8%AE%BA%E6%96%87%E5%AE%9E%E7%8E%B0/lib
rary-system-v2/frontend/node_modules/@vitest/runner/dist/chunk-artifact.js:190
3:20

stderr | src/__tests__/components/BookList.test.js > BookList Component > shou
ld mount without errors
[Vue warn]: Failed to resolve component: Search
If this is a native custom element, make sure to exclude it from component res
olution via compilerOptions.isCustomElement. 
  at <Books ref="VTU_COMPONENT" > 
  at <VTUROOT>
[Vue warn]: Failed to resolve component: ArrowDown
If this is a native custom element, make sure to exclude it from component res
olution via compilerOptions.isCustomElement. 
  at <Books ref="VTU_COMPONENT" > 
  at <VTUROOT>
[Vue warn]: Failed to resolve component: View
If this is a native custom element, make sure to exclude it from component res
olution via compilerOptions.isCustomElement. 
  at <Books ref="VTU_COMPONENT" > 
  at <VTUROOT>
[Vue warn]: Failed to resolve component: Edit
If this is a native custom element, make sure to exclude it from component res
olution via compilerOptions.isCustomElement. 
  at <Books ref="VTU_COMPONENT" > 
  at <VTUROOT>
[Vue warn]: Failed to resolve directive: loading 
  at <Books ref="VTU_COMPONENT" > 
  at <VTUROOT>

stderr | src/__tests__/components/BookList.test.js > BookList Component > shou
ld render search form elements
[Vue warn]: Failed to resolve component: Search
If this is a native custom element, make sure to exclude it from component res
olution via compilerOptions.isCustomElement. 
  at <Books ref="VTU_COMPONENT" > 
  at <VTUROOT>
[Vue warn]: Failed to resolve component: ArrowDown
If this is a native custom element, make sure to exclude it from component res
olution via compilerOptions.isCustomElement. 
  at <Books ref="VTU_COMPONENT" > 
  at <VTUROOT>
[Vue warn]: Failed to resolve component: View
If this is a native custom element, make sure to exclude it from component res
olution via compilerOptions.isCustomElement. 
  at <Books ref="VTU_COMPONENT" > 
  at <VTUROOT>
[Vue warn]: Failed to resolve component: Edit
If this is a native custom element, make sure to exclude it from component res
olution via compilerOptions.isCustomElement. 
  at <Books ref="VTU_COMPONENT" > 
  at <VTUROOT>
[Vue warn]: Failed to resolve directive: loading 
  at <Books ref="VTU_COMPONENT" > 
  at <VTUROOT>

